native = 72057594037927978
js     = 72057594037927978
